assert_tac2.lean:11:2: proof state
a b c : ℕ,
h1 : a = 2,
h2 : b = 3,
H : a + b = 2 + b,
H : a + b = 2 + 3,
H : a + b = 5
⊢ 5 + c = c + 5
