no axioms
-----
no axioms
-----
quot.sound
-----
quot.sound
-----
propext
-----
quot.sound
propext
