empty.lean:6:39: error: failed to synthesize placeholder

‚ä¢ nonempty Empty
