LEAN_INFORMATION
position 674:6
no goals
END_LEAN_INFORMATION
