LEAN_INFORMATION
position 19:4
no goals
END_LEAN_INFORMATION
