LEAN_INFORMATION
position 6:2
a b c d : ℕ
⊢ a + b = 0 → b = 0 → c + 1 + a = 1 → d = c - 1 → d = 0
END_LEAN_INFORMATION
