LEAN_INFORMATION
position 10:2
no goals
END_LEAN_INFORMATION
