LEAN_INFORMATION
position 25:0
no goals
END_LEAN_INFORMATION
