LEAN_INFORMATION
position 15:6
a b c d : ℕ,
h₁ : a + b = 0,
h₂ : b = 0,
aeq0 : a = 0,
h₃ : c + 1 + 0 = 1,
h₄ : d = c - 1
⊢ c = 0
END_LEAN_INFORMATION
